
> portfolio@0.0.0 dev
> vite --host 127.0.0.1


  [32m[1mVITE[22m v5.4.21[39m  [2mready in [0m[1m4319[22m[2m[0m ms[22m

  [32m➜[39m  [1mLocal[22m:   [36mhttp://127.0.0.1:[1m5173[22m/[39m
[2m7:05:43 AM[22m [36m[1m[vite][22m[39m [32mpage reload [39m[2msrc/App.jsx[22m
[2m7:05:43 AM[22m [36m[1m[vite][22m[39m [32mpage reload [39m[2msrc/components/Hero.jsx[22m
[2m7:05:43 AM[22m [36m[1m[vite][22m[39m [32mpage reload [39m[2msrc/components/Projects.jsx[22m
[2m7:05:43 AM[22m [36m[1m[vite][22m[39m [32mpage reload [39m[2msrc/components/ProjectCard.jsx[22m
[2m7:05:43 AM[22m [36m[1m[vite][22m[39m [32mpage reload [39m[2msrc/components/Footer.jsx[22m
[2m7:14:54 AM[22m [36m[1m[vite][22m[39m [32mpage reload [39m[2msrc/App.jsx[22m
[2m7:14:54 AM[22m [36m[1m[vite][22m[39m [32mpage reload [39m[2msrc/components/Hero.jsx[22m
[2m7:14:54 AM[22m [36m[1m[vite][22m[39m [32mpage reload [39m[2msrc/data/projects.js[22m
[2m7:14:55 AM[22m [36m[1m[vite][22m[39m [32mhmr update [39m[2m/src/index.css[22m
[2m7:14:55 AM[22m [36m[1m[vite][22m[39m [32mpage reload [39m[2msrc/App.jsx[22m
[2m7:14:55 AM[22m [36m[1m[vite][22m[39m [32mpage reload [39m[2mtailwind.config.js[22m
[2m7:14:55 AM[22m [36m[1m[vite][22m[39m [32mpage reload [39m[2msrc/components/Hero.jsx[22m
[2m7:14:55 AM[22m [36m[1m[vite][22m[39m [32mpage reload [39m[2msrc/components/Projects.jsx[22m
[2m7:14:55 AM[22m [36m[1m[vite][22m[39m [32mpage reload [39m[2msrc/components/ProjectCard.jsx[22m
[2m7:14:55 AM[22m [36m[1m[vite][22m[39m [32mpage reload [39m[2msrc/components/Footer.jsx[22m
[2m7:14:55 AM[22m [36m[1m[vite][22m[39m [32mpage reload [39m[2msrc/data/projects.js[22m
[2m7:28:36 AM[22m [36m[1m[vite][22m[39m [32mpage reload [39m[2msrc/App.jsx[22m
[2m7:28:36 AM[22m [36m[1m[vite][22m[39m [32mpage reload [39m[2msrc/components/Navbar.jsx[22m
[2m7:28:36 AM[22m [36m[1m[vite][22m[39m [32mpage reload [39m[2msrc/data/projects.js[22m
[2m7:28:36 AM[22m [36m[1m[vite][22m[39m [32mpage reload [39m[2mtailwind.config.js[22m
[2m7:28:36 AM[22m [36m[1m[vite][22m[39m [32mpage reload [39m[2msrc/components/Hero.jsx[22m
[2m7:28:36 AM[22m [36m[1m[vite][22m[39m [32mpage reload [39m[2msrc/components/Projects.jsx[22m
[2m7:28:36 AM[22m [36m[1m[vite][22m[39m [32mpage reload [39m[2msrc/components/ProjectCard.jsx[22m
[2m7:28:36 AM[22m [36m[1m[vite][22m[39m [32mpage reload [39m[2msrc/components/Footer.jsx[22m
[2m7:28:36 AM[22m [36m[1m[vite][22m[39m [32mpage reload [39m[2msrc/data/projects.js[22m
[2m8:33:43 AM[22m [36m[1m[vite][22m[39m [32mpage reload [39m[2msrc/data/projects.js[22m
[2m8:33:57 AM[22m [36m[1m[vite][22m[39m [32mpage reload [39m[2msrc/data/projects.js[22m
[2m8:33:57 AM[22m [36m[1m[vite][22m[39m [32mpage reload [39m[2msrc/data/projects.js[22m
[2m8:34:00 AM[22m [36m[1m[vite][22m[39m [32mpage reload [39m[2msrc/data/projects.js[22m
[2m8:34:10 AM[22m [36m[1m[vite][22m[39m [32mpage reload [39m[2msrc/data/projects.js[22m
[2m8:34:15 AM[22m [36m[1m[vite][22m[39m [32mpage reload [39m[2msrc/data/projects.js[22m
[2m8:34:26 AM[22m [36m[1m[vite][22m[39m [32mpage reload [39m[2msrc/data/projects.js[22m
[2m8:34:34 AM[22m [36m[1m[vite][22m[39m [32mpage reload [39m[2msrc/data/projects.js[22m
[2m8:34:39 AM[22m [36m[1m[vite][22m[39m [32mpage reload [39m[2msrc/data/projects.js[22m
[2m8:35:11 AM[22m [36m[1m[vite][22m[39m [32mpage reload [39m[2msrc/data/projects.js[22m
[2m8:35:46 AM[22m [36m[1m[vite][22m[39m [32mpage reload [39m[2msrc/data/projects.js[22m
[2m8:35:55 AM[22m [36m[1m[vite][22m[39m [32mpage reload [39m[2msrc/data/projects.js[22m
[2m8:35:58 AM[22m [36m[1m[vite][22m[39m [32mpage reload [39m[2msrc/data/projects.js[22m
[2m8:37:23 AM[22m [36m[1m[vite][22m[39m [32mpage reload [39m[2msrc/data/projects.js[22m
[2m8:37:46 AM[22m [36m[1m[vite][22m[39m [32mpage reload [39m[2msrc/data/projects.js[22m
[2m8:37:46 AM[22m [36m[1m[vite][22m[39m [32mpage reload [39m[2msrc/data/projects.js[22m
[2m8:37:55 AM[22m [36m[1m[vite][22m[39m [32mpage reload [39m[2msrc/data/projects.js[22m
[2m8:37:57 AM[22m [36m[1m[vite][22m[39m [32mpage reload [39m[2msrc/data/projects.js[22m
[2m8:38:00 AM[22m [36m[1m[vite][22m[39m [32mpage reload [39m[2msrc/data/projects.js[22m
[2m8:38:00 AM[22m [36m[1m[vite][22m[39m [32mpage reload [39m[2msrc/data/projects.js[22m
[2m8:38:03 AM[22m [36m[1m[vite][22m[39m [32mpage reload [39m[2msrc/data/projects.js[22m
[2m8:38:08 AM[22m [36m[1m[vite][22m[39m [32mpage reload [39m[2msrc/data/projects.js[22m
[2m8:38:10 AM[22m [36m[1m[vite][22m[39m [32mpage reload [39m[2msrc/data/projects.js[22m
[2m8:38:12 AM[22m [36m[1m[vite][22m[39m [32mpage reload [39m[2msrc/data/projects.js[22m
[2m8:38:16 AM[22m [36m[1m[vite][22m[39m [32mpage reload [39m[2msrc/data/projects.js[22m
[2m8:38:20 AM[22m [36m[1m[vite][22m[39m [32mpage reload [39m[2msrc/data/projects.js[22m
[2m8:38:20 AM[22m [36m[1m[vite][22m[39m [32mpage reload [39m[2msrc/data/projects.js[22m
[2m8:38:21 AM[22m [36m[1m[vite][22m[39m [32mpage reload [39m[2msrc/data/projects.js[22m
[2m8:38:23 AM[22m [36m[1m[vite][22m[39m [32mpage reload [39m[2msrc/data/projects.js[22m
[2m8:38:25 AM[22m [36m[1m[vite][22m[39m [32mpage reload [39m[2msrc/data/projects.js[22m
[2m8:38:32 AM[22m [36m[1m[vite][22m[39m [32mpage reload [39m[2msrc/data/projects.js[22m
[2m8:38:33 AM[22m [36m[1m[vite][22m[39m [32mpage reload [39m[2msrc/data/projects.js[22m
[2m8:38:40 AM[22m [36m[1m[vite][22m[39m [32mpage reload [39m[2msrc/data/projects.js[22m
[2m8:38:40 AM[22m [36m[1m[vite][22m[39m [32mpage reload [39m[2msrc/data/projects.js[22m
[2m8:38:47 AM[22m [36m[1m[vite][22m[39m [32mpage reload [39m[2msrc/data/projects.js[22m
[2m8:38:52 AM[22m [36m[1m[vite][22m[39m [32mpage reload [39m[2msrc/data/projects.js[22m
[2m8:39:02 AM[22m [36m[1m[vite][22m[39m [32mpage reload [39m[2msrc/data/projects.js[22m
[2m8:39:03 AM[22m [36m[1m[vite][22m[39m [32mpage reload [39m[2msrc/data/projects.js[22m
[2m8:39:11 AM[22m [36m[1m[vite][22m[39m [32mpage reload [39m[2msrc/data/projects.js[22m
[2m8:39:13 AM[22m [36m[1m[vite][22m[39m [32mpage reload [39m[2msrc/data/projects.js[22m
[2m8:39:18 AM[22m [36m[1m[vite][22m[39m [32mpage reload [39m[2msrc/data/projects.js[22m
[2m8:39:20 AM[22m [36m[1m[vite][22m[39m [32mpage reload [39m[2msrc/data/projects.js[22m
[2m8:43:07 AM[22m [36m[1m[vite][22m[39m [32mpage reload [39m[2msrc/data/projects.js[22m
[2m8:43:25 AM[22m [36m[1m[vite][22m[39m [32mpage reload [39m[2msrc/data/projects.js[22m
[2m8:43:26 AM[22m [36m[1m[vite][22m[39m [32mpage reload [39m[2msrc/data/projects.js[22m
[2m8:43:39 AM[22m [36m[1m[vite][22m[39m [32mpage reload [39m[2msrc/data/projects.js[22m
[2m8:44:54 AM[22m [36m[1m[vite][22m[39m [32mpage reload [39m[2msrc/data/projects.js[22m
[2m8:44:54 AM[22m [36m[1m[vite][22m[39m [32mpage reload [39m[2msrc/data/projects.js[22m
[2m8:44:57 AM[22m [36m[1m[vite][22m[39m [32mpage reload [39m[2msrc/data/projects.js[22m
[2m8:45:00 AM[22m [36m[1m[vite][22m[39m [32mpage reload [39m[2msrc/data/projects.js[22m
[2m8:45:10 AM[22m [36m[1m[vite][22m[39m [32mpage reload [39m[2msrc/data/projects.js[22m
[2m8:45:14 AM[22m [36m[1m[vite][22m[39m [32mpage reload [39m[2msrc/data/projects.js[22m
[2m8:45:27 AM[22m [36m[1m[vite][22m[39m [32mpage reload [39m[2msrc/data/projects.js[22m
[2m8:45:29 AM[22m [36m[1m[vite][22m[39m [32mpage reload [39m[2msrc/data/projects.js[22m
[2m8:45:31 AM[22m [36m[1m[vite][22m[39m [32mpage reload [39m[2msrc/data/projects.js[22m
[2m8:45:33 AM[22m [36m[1m[vite][22m[39m [32mpage reload [39m[2msrc/data/projects.js[22m
[2m8:45:35 AM[22m [36m[1m[vite][22m[39m [32mpage reload [39m[2msrc/data/projects.js[22m
[2m8:45:37 AM[22m [36m[1m[vite][22m[39m [32mpage reload [39m[2msrc/data/projects.js[22m
[2m8:45:40 AM[22m [36m[1m[vite][22m[39m [32mpage reload [39m[2msrc/data/projects.js[22m
[2m8:45:43 AM[22m [36m[1m[vite][22m[39m [32mpage reload [39m[2msrc/data/projects.js[22m
[2m8:45:51 AM[22m [36m[1m[vite][22m[39m [32mpage reload [39m[2msrc/data/projects.js[22m
[2m8:45:55 AM[22m [36m[1m[vite][22m[39m [32mpage reload [39m[2msrc/data/projects.js[22m
[2m8:45:58 AM[22m [36m[1m[vite][22m[39m [32mpage reload [39m[2msrc/data/projects.js[22m
[2m8:46:00 AM[22m [36m[1m[vite][22m[39m [32mpage reload [39m[2msrc/data/projects.js[22m
[2m8:46:18 AM[22m [36m[1m[vite][22m[39m [32mpage reload [39m[2msrc/data/projects.js[22m
[2m8:46:26 AM[22m [36m[1m[vite][22m[39m [32mpage reload [39m[2msrc/data/projects.js[22m
[2m8:46:35 AM[22m [36m[1m[vite][22m[39m [32mpage reload [39m[2msrc/data/projects.js[22m
[2m8:46:37 AM[22m [36m[1m[vite][22m[39m [32mpage reload [39m[2msrc/data/projects.js[22m
[2m8:46:40 AM[22m [36m[1m[vite][22m[39m [32mpage reload [39m[2msrc/data/projects.js[22m
[2m8:46:40 AM[22m [36m[1m[vite][22m[39m [32mpage reload [39m[2msrc/data/projects.js[22m
[2m8:46:42 AM[22m [36m[1m[vite][22m[39m [32mpage reload [39m[2msrc/data/projects.js[22m
[2m8:47:00 AM[22m [36m[1m[vite][22m[39m [32mpage reload [39m[2msrc/data/projects.js[22m
[2m8:47:31 AM[22m [36m[1m[vite][22m[39m [32mpage reload [39m[2msrc/data/projects.js[22m
[2m8:47:58 AM[22m [36m[1m[vite][22m[39m [32mpage reload [39m[2msrc/data/projects.js[22m
[2m8:48:00 AM[22m [36m[1m[vite][22m[39m [32mpage reload [39m[2msrc/data/projects.js[22m
[2m8:48:03 AM[22m [36m[1m[vite][22m[39m [32mpage reload [39m[2msrc/data/projects.js[22m
[2m8:48:05 AM[22m [36m[1m[vite][22m[39m [32mpage reload [39m[2msrc/data/projects.js[22m
[2m9:05:00 AM[22m [36m[1m[vite][22m[39m [32mpage reload [39m[2msrc/components/Hero.jsx[22m
[2m9:05:01 AM[22m [36m[1m[vite][22m[39m [32mpage reload [39m[2msrc/components/Hero.jsx[22m
[2m9:05:58 AM[22m [36m[1m[vite][22m[39m [32mpage reload [39m[2msrc/components/Hero.jsx[22m
[2m9:06:01 AM[22m [36m[1m[vite][22m[39m [32mpage reload [39m[2msrc/components/Hero.jsx[22m
[2m9:06:05 AM[22m [36m[1m[vite][22m[39m [32mpage reload [39m[2msrc/components/Hero.jsx[22m
[2m9:06:07 AM[22m [36m[1m[vite][22m[39m [32mpage reload [39m[2msrc/components/Hero.jsx[22m
[2m9:06:15 AM[22m [36m[1m[vite][22m[39m [32mpage reload [39m[2msrc/components/Hero.jsx[22m
[2m9:06:16 AM[22m [36m[1m[vite][22m[39m [32mpage reload [39m[2msrc/components/Hero.jsx[22m
[2m9:06:17 AM[22m [36m[1m[vite][22m[39m [32mpage reload [39m[2msrc/components/Hero.jsx[22m
[2m9:06:25 AM[22m [36m[1m[vite][22m[39m [32mpage reload [39m[2msrc/components/Hero.jsx[22m
[2m9:06:28 AM[22m [36m[1m[vite][22m[39m [32mpage reload [39m[2msrc/components/Hero.jsx[22m
[2m9:06:42 AM[22m [36m[1m[vite][22m[39m [32mpage reload [39m[2msrc/components/Hero.jsx[22m
[2m9:06:44 AM[22m [36m[1m[vite][22m[39m [32mpage reload [39m[2msrc/components/Hero.jsx[22m
[2m9:06:49 AM[22m [36m[1m[vite][22m[39m [32mpage reload [39m[2msrc/components/Hero.jsx[22m
[2m9:06:52 AM[22m [36m[1m[vite][22m[39m [32mpage reload [39m[2msrc/components/Hero.jsx[22m
[2m9:06:56 AM[22m [36m[1m[vite][22m[39m [32mpage reload [39m[2msrc/components/Hero.jsx[22m
[2m9:07:01 AM[22m [36m[1m[vite][22m[39m [32mpage reload [39m[2msrc/components/Hero.jsx[22m
[2m9:07:11 AM[22m [36m[1m[vite][22m[39m [32mpage reload [39m[2msrc/components/Hero.jsx[22m
[2m9:07:22 AM[22m [36m[1m[vite][22m[39m [32mpage reload [39m[2msrc/components/Hero.jsx[22m
[2m9:07:25 AM[22m [36m[1m[vite][22m[39m [32mpage reload [39m[2msrc/components/Hero.jsx[22m
[2m9:07:26 AM[22m [36m[1m[vite][22m[39m [32mpage reload [39m[2msrc/components/Hero.jsx[22m
[2m9:07:31 AM[22m [36m[1m[vite][22m[39m [32mpage reload [39m[2msrc/components/Hero.jsx[22m
[2m9:07:43 AM[22m [36m[1m[vite][22m[39m [32mpage reload [39m[2msrc/components/Hero.jsx[22m
[2m9:07:45 AM[22m [36m[1m[vite][22m[39m [32mpage reload [39m[2msrc/components/Hero.jsx[22m
[2m9:08:12 AM[22m [36m[1m[vite][22m[39m [32mpage reload [39m[2msrc/components/Hero.jsx[22m
[2m9:08:16 AM[22m [36m[1m[vite][22m[39m [32mpage reload [39m[2msrc/components/Hero.jsx[22m
[2m9:08:17 AM[22m [36m[1m[vite][22m[39m [32mpage reload [39m[2msrc/components/Hero.jsx[22m
[2m9:08:21 AM[22m [36m[1m[vite][22m[39m [32mpage reload [39m[2msrc/components/Hero.jsx[22m
[2m9:08:23 AM[22m [36m[1m[vite][22m[39m [32mpage reload [39m[2msrc/components/Hero.jsx[22m
[2m9:08:26 AM[22m [36m[1m[vite][22m[39m [32mpage reload [39m[2msrc/components/Hero.jsx[22m
[2m9:08:30 AM[22m [36m[1m[vite][22m[39m [32mpage reload [39m[2msrc/components/Hero.jsx[22m
[2m9:08:32 AM[22m [36m[1m[vite][22m[39m [32mpage reload [39m[2msrc/components/Hero.jsx[22m
[2m9:08:33 AM[22m [36m[1m[vite][22m[39m [32mpage reload [39m[2msrc/components/Hero.jsx[22m
[2m9:08:39 AM[22m [36m[1m[vite][22m[39m [32mpage reload [39m[2msrc/components/Hero.jsx[22m
[2m9:08:41 AM[22m [36m[1m[vite][22m[39m [32mpage reload [39m[2msrc/components/Hero.jsx[22m
[2m9:08:42 AM[22m [36m[1m[vite][22m[39m [32mpage reload [39m[2msrc/components/Hero.jsx[22m
[2m9:08:44 AM[22m [36m[1m[vite][22m[39m [32mpage reload [39m[2msrc/components/Hero.jsx[22m
[2m9:08:46 AM[22m [36m[1m[vite][22m[39m [32mpage reload [39m[2msrc/components/Hero.jsx[22m
[2m9:08:57 AM[22m [36m[1m[vite][22m[39m [32mpage reload [39m[2msrc/components/Hero.jsx[22m
[2m9:09:03 AM[22m [36m[1m[vite][22m[39m [32mpage reload [39m[2msrc/components/Hero.jsx[22m
[2m9:16:28 AM[22m [36m[1m[vite][22m[39m [32mpage reload [39m[2msrc/components/ProjectCard.jsx[22m
[2m9:16:28 AM[22m [36m[1m[vite][22m[39m [32mpage reload [39m[2msrc/components/Projects.jsx[22m
[2m9:18:52 AM[22m [36m[1m[vite][22m[39m [32mpage reload [39m[2msrc/components/ProjectCard.jsx[22m
[2m9:18:54 AM[22m [36m[1m[vite][22m[39m [32mpage reload [39m[2msrc/components/ProjectCard.jsx[22m
[2m9:18:55 AM[22m [36m[1m[vite][22m[39m [32mpage reload [39m[2msrc/components/ProjectCard.jsx[22m
[2m9:18:58 AM[22m [36m[1m[vite][22m[39m [32mpage reload [39m[2msrc/components/ProjectCard.jsx[22m
[2m9:20:30 AM[22m [36m[1m[vite][22m[39m [32mpage reload [39m[2msrc/components/ProjectCard.jsx[22m
[2m9:20:38 AM[22m [36m[1m[vite][22m[39m [32mpage reload [39m[2msrc/components/ProjectCard.jsx[22m
[2m9:20:40 AM[22m [36m[1m[vite][22m[39m [32mpage reload [39m[2msrc/components/ProjectCard.jsx[22m
[2m9:20:43 AM[22m [36m[1m[vite][22m[39m [32mpage reload [39m[2msrc/components/ProjectCard.jsx[22m
[2m9:20:53 AM[22m [36m[1m[vite][22m[39m [32mpage reload [39m[2msrc/components/ProjectCard.jsx[22m
[2m9:20:55 AM[22m [36m[1m[vite][22m[39m [32mpage reload [39m[2msrc/components/ProjectCard.jsx[22m
[2m9:21:06 AM[22m [36m[1m[vite][22m[39m [32mpage reload [39m[2msrc/components/ProjectCard.jsx[22m
[2m9:21:21 AM[22m [36m[1m[vite][22m[39m [32mpage reload [39m[2msrc/components/ProjectCard.jsx[22m
[2m9:21:24 AM[22m [36m[1m[vite][22m[39m [32mpage reload [39m[2msrc/components/ProjectCard.jsx[22m
[2m9:21:26 AM[22m [36m[1m[vite][22m[39m [32mpage reload [39m[2msrc/components/ProjectCard.jsx[22m
[2m9:32:10 AM[22m [36m[1m[vite][22m[39m [32mpage reload [39m[2msrc/components/ProjectCard.jsx[22m
[2m9:32:10 AM[22m [36m[1m[vite][22m[39m [32mpage reload [39m[2msrc/components/Projects.jsx[22m
[2m9:32:10 AM[22m [36m[1m[vite][22m[39m [32mpage reload [39m[2msrc/components/ProjectCard.jsx[22m
[2m9:36:54 AM[22m [36m[1m[vite][22m[39m [32mpage reload [39m[2msrc/components/ProjectCard.jsx[22m
[2m9:36:54 AM[22m [36m[1m[vite][22m[39m [32mpage reload [39m[2msrc/components/Projects.jsx[22m
[2m9:38:13 AM[22m [36m[1m[vite][22m[39m [32mpage reload [39m[2msrc/components/ProjectCard.jsx[22m
[2m9:38:15 AM[22m [36m[1m[vite][22m[39m [32mpage reload [39m[2msrc/components/ProjectCard.jsx[22m
[2m9:38:16 AM[22m [36m[1m[vite][22m[39m [32mpage reload [39m[2msrc/components/ProjectCard.jsx[22m
[2m9:38:19 AM[22m [36m[1m[vite][22m[39m [32mpage reload [39m[2msrc/components/ProjectCard.jsx[22m
[2m9:38:20 AM[22m [36m[1m[vite][22m[39m [32mpage reload [39m[2msrc/components/ProjectCard.jsx[22m
[2m9:38:25 AM[22m [36m[1m[vite][22m[39m [32mpage reload [39m[2msrc/components/ProjectCard.jsx[22m
[2m9:38:28 AM[22m [36m[1m[vite][22m[39m [32mpage reload [39m[2msrc/components/ProjectCard.jsx[22m
[2m9:38:30 AM[22m [36m[1m[vite][22m[39m [32mpage reload [39m[2msrc/components/ProjectCard.jsx[22m
[2m9:38:32 AM[22m [36m[1m[vite][22m[39m [32mpage reload [39m[2msrc/components/ProjectCard.jsx[22m
[2m9:38:38 AM[22m [36m[1m[vite][22m[39m [32mpage reload [39m[2msrc/components/ProjectCard.jsx[22m
[2m9:38:41 AM[22m [36m[1m[vite][22m[39m [32mpage reload [39m[2msrc/components/ProjectCard.jsx[22m
[2m9:38:42 AM[22m [36m[1m[vite][22m[39m [32mpage reload [39m[2msrc/components/ProjectCard.jsx[22m
[2m9:38:42 AM[22m [36m[1m[vite][22m[39m [32mpage reload [39m[2msrc/components/ProjectCard.jsx[22m
[2m9:39:08 AM[22m [36m[1m[vite][22m[39m [32mpage reload [39m[2msrc/components/ProjectCard.jsx[22m
[2m9:39:11 AM[22m [36m[1m[vite][22m[39m [32mpage reload [39m[2msrc/components/ProjectCard.jsx[22m
[2m9:39:14 AM[22m [36m[1m[vite][22m[39m [32mpage reload [39m[2msrc/components/ProjectCard.jsx[22m
[2m9:39:15 AM[22m [36m[1m[vite][22m[39m [32mpage reload [39m[2msrc/components/ProjectCard.jsx[22m
[2m9:39:16 AM[22m [36m[1m[vite][22m[39m [32mpage reload [39m[2msrc/components/ProjectCard.jsx[22m
[2m9:39:19 AM[22m [36m[1m[vite][22m[39m [32mpage reload [39m[2msrc/components/ProjectCard.jsx[22m
[2m9:39:21 AM[22m [36m[1m[vite][22m[39m [32mpage reload [39m[2msrc/components/ProjectCard.jsx[22m
[2m9:39:24 AM[22m [36m[1m[vite][22m[39m [32mpage reload [39m[2msrc/components/ProjectCard.jsx[22m
[2m9:39:27 AM[22m [36m[1m[vite][22m[39m [32mpage reload [39m[2msrc/components/ProjectCard.jsx[22m
[2m9:39:30 AM[22m [36m[1m[vite][22m[39m [32mpage reload [39m[2msrc/components/ProjectCard.jsx[22m
[2m9:39:32 AM[22m [36m[1m[vite][22m[39m [32mpage reload [39m[2msrc/components/ProjectCard.jsx[22m
[2m9:39:34 AM[22m [36m[1m[vite][22m[39m [32mpage reload [39m[2msrc/components/ProjectCard.jsx[22m
[2m9:39:36 AM[22m [36m[1m[vite][22m[39m [32mpage reload [39m[2msrc/components/ProjectCard.jsx[22m
[2m9:39:38 AM[22m [36m[1m[vite][22m[39m [32mpage reload [39m[2msrc/components/ProjectCard.jsx[22m
[2m9:39:41 AM[22m [36m[1m[vite][22m[39m [32mpage reload [39m[2msrc/components/ProjectCard.jsx[22m
[2m9:39:42 AM[22m [36m[1m[vite][22m[39m [32mpage reload [39m[2msrc/components/ProjectCard.jsx[22m
[2m9:39:46 AM[22m [36m[1m[vite][22m[39m [32mpage reload [39m[2msrc/components/ProjectCard.jsx[22m
[2m9:39:47 AM[22m [36m[1m[vite][22m[39m [32mpage reload [39m[2msrc/components/ProjectCard.jsx[22m
[2m9:39:52 AM[22m [36m[1m[vite][22m[39m [32mpage reload [39m[2msrc/components/ProjectCard.jsx[22m
[2m9:39:53 AM[22m [36m[1m[vite][22m[39m [32mpage reload [39m[2msrc/components/ProjectCard.jsx[22m
[2m9:39:53 AM[22m [36m[1m[vite][22m[39m [32mpage reload [39m[2msrc/components/ProjectCard.jsx[22m
[2m9:39:54 AM[22m [36m[1m[vite][22m[39m [32mpage reload [39m[2msrc/components/ProjectCard.jsx[22m
[2m9:39:54 AM[22m [36m[1m[vite][22m[39m [32mpage reload [39m[2msrc/components/ProjectCard.jsx[22m
[2m9:39:54 AM[22m [36m[1m[vite][22m[39m [32mpage reload [39m[2msrc/components/ProjectCard.jsx[22m
[2m9:40:47 AM[22m [36m[1m[vite][22m[39m [32mpage reload [39m[2msrc/components/ProjectCard.jsx[22m
[2m9:40:49 AM[22m [36m[1m[vite][22m[39m [32mpage reload [39m[2msrc/components/ProjectCard.jsx[22m
[2m9:40:51 AM[22m [36m[1m[vite][22m[39m [32mpage reload [39m[2msrc/components/ProjectCard.jsx[22m
[2m9:40:51 AM[22m [36m[1m[vite][22m[39m [32mpage reload [39m[2msrc/components/ProjectCard.jsx[22m
[2m9:40:51 AM[22m [36m[1m[vite][22m[39m [32mpage reload [39m[2msrc/components/ProjectCard.jsx[22m
[2m9:40:52 AM[22m [36m[1m[vite][22m[39m [32mpage reload [39m[2msrc/components/ProjectCard.jsx[22m
[2m9:41:18 AM[22m [36m[1m[vite][22m[39m [32mpage reload [39m[2msrc/components/ProjectCard.jsx[22m
[2m9:41:20 AM[22m [36m[1m[vite][22m[39m [32mpage reload [39m[2msrc/components/ProjectCard.jsx[22m
[2m9:41:22 AM[22m [36m[1m[vite][22m[39m [32mpage reload [39m[2msrc/components/ProjectCard.jsx[22m
[2m9:41:28 AM[22m [36m[1m[vite][22m[39m [32mpage reload [39m[2msrc/components/ProjectCard.jsx[22m
[2m9:41:34 AM[22m [36m[1m[vite][22m[39m [32mpage reload [39m[2msrc/components/ProjectCard.jsx[22m
[2m9:41:35 AM[22m [36m[1m[vite][22m[39m [32mpage reload [39m[2msrc/components/ProjectCard.jsx[22m
[2m9:41:45 AM[22m [36m[1m[vite][22m[39m [32mpage reload [39m[2msrc/components/ProjectCard.jsx[22m
[2m9:44:45 AM[22m [36m[1m[vite][22m[39m [32mpage reload [39m[2msrc/components/ProjectCard.jsx[22m
[2m9:44:45 AM[22m [36m[1m[vite][22m[39m [32mpage reload [39m[2msrc/components/ProjectCard.jsx[22m
[2m9:44:47 AM[22m [36m[1m[vite][22m[39m [32mpage reload [39m[2msrc/components/ProjectCard.jsx[22m
[2m9:44:47 AM[22m [36m[1m[vite][22m[39m [32mpage reload [39m[2msrc/components/ProjectCard.jsx[22m
[2m9:44:57 AM[22m [36m[1m[vite][22m[39m [32mpage reload [39m[2msrc/components/ProjectCard.jsx[22m
[2m9:44:57 AM[22m [36m[1m[vite][22m[39m [32mpage reload [39m[2msrc/components/ProjectCard.jsx[22m
[2m9:44:58 AM[22m [36m[1m[vite][22m[39m [32mpage reload [39m[2msrc/components/ProjectCard.jsx[22m
[2m9:45:05 AM[22m [36m[1m[vite][22m[39m [32mpage reload [39m[2msrc/components/ProjectCard.jsx[22m
[2m9:45:07 AM[22m [36m[1m[vite][22m[39m [32mpage reload [39m[2msrc/components/ProjectCard.jsx[22m
[2m9:45:28 AM[22m [36m[1m[vite][22m[39m [32mpage reload [39m[2msrc/components/ProjectCard.jsx[22m
[2m9:45:33 AM[22m [36m[1m[vite][22m[39m [32mpage reload [39m[2msrc/components/ProjectCard.jsx[22m
[2m9:45:39 AM[22m [36m[1m[vite][22m[39m [32mpage reload [39m[2msrc/components/ProjectCard.jsx[22m
[2m9:45:42 AM[22m [36m[1m[vite][22m[39m [32mpage reload [39m[2msrc/components/ProjectCard.jsx[22m
[2m9:45:44 AM[22m [36m[1m[vite][22m[39m [32mpage reload [39m[2msrc/components/ProjectCard.jsx[22m
[2m9:45:46 AM[22m [36m[1m[vite][22m[39m [32mpage reload [39m[2msrc/components/ProjectCard.jsx[22m
[2m9:45:54 AM[22m [36m[1m[vite][22m[39m [32mpage reload [39m[2msrc/components/ProjectCard.jsx[22m
[2m9:45:56 AM[22m [36m[1m[vite][22m[39m [32mpage reload [39m[2msrc/components/ProjectCard.jsx[22m
[2m9:50:55 AM[22m [36m[1m[vite][22m[39m [32mpage reload [39m[2msrc/components/ProjectCard.jsx[22m
[2m9:50:57 AM[22m [36m[1m[vite][22m[39m [32mpage reload [39m[2msrc/components/ProjectCard.jsx[22m
[2m9:51:48 AM[22m [36m[1m[vite][22m[39m [32mpage reload [39m[2msrc/components/ProjectCard.jsx[22m
[2m9:51:51 AM[22m [36m[1m[vite][22m[39m [32mpage reload [39m[2msrc/components/ProjectCard.jsx[22m
[2m9:51:55 AM[22m [36m[1m[vite][22m[39m [32mpage reload [39m[2msrc/components/ProjectCard.jsx[22m
[2m9:51:58 AM[22m [36m[1m[vite][22m[39m [32mpage reload [39m[2msrc/components/ProjectCard.jsx[22m
[2m9:51:59 AM[22m [36m[1m[vite][22m[39m [32mpage reload [39m[2msrc/components/ProjectCard.jsx[22m
[2m9:52:34 AM[22m [36m[1m[vite][22m[39m [32mpage reload [39m[2msrc/components/ProjectCard.jsx[22m
[2m9:52:36 AM[22m [36m[1m[vite][22m[39m [32mpage reload [39m[2msrc/components/ProjectCard.jsx[22m
[2m9:52:37 AM[22m [36m[1m[vite][22m[39m [32mpage reload [39m[2msrc/components/ProjectCard.jsx[22m
[2m9:52:39 AM[22m [36m[1m[vite][22m[39m [32mpage reload [39m[2msrc/components/ProjectCard.jsx[22m
[2m9:52:48 AM[22m [36m[1m[vite][22m[39m [32mpage reload [39m[2msrc/components/ProjectCard.jsx[22m
[2m9:52:49 AM[22m [36m[1m[vite][22m[39m [32mpage reload [39m[2msrc/components/ProjectCard.jsx[22m
[2m9:52:52 AM[22m [36m[1m[vite][22m[39m [32mpage reload [39m[2msrc/components/ProjectCard.jsx[22m
[2m9:52:54 AM[22m [36m[1m[vite][22m[39m [32mpage reload [39m[2msrc/components/ProjectCard.jsx[22m
[2m9:52:59 AM[22m [36m[1m[vite][22m[39m [32mpage reload [39m[2msrc/components/ProjectCard.jsx[22m
[2m9:53:14 AM[22m [36m[1m[vite][22m[39m [32mpage reload [39m[2msrc/components/ProjectCard.jsx[22m
[2m9:53:20 AM[22m [36m[1m[vite][22m[39m [32mpage reload [39m[2msrc/components/ProjectCard.jsx[22m
[2m9:53:45 AM[22m [36m[1m[vite][22m[39m [32mpage reload [39m[2msrc/components/ProjectCard.jsx[22m
[2m9:53:51 AM[22m [36m[1m[vite][22m[39m [32mpage reload [39m[2msrc/components/ProjectCard.jsx[22m
[2m9:53:55 AM[22m [36m[1m[vite][22m[39m [32mpage reload [39m[2msrc/components/ProjectCard.jsx[22m
[2m9:54:01 AM[22m [36m[1m[vite][22m[39m [32mpage reload [39m[2msrc/components/ProjectCard.jsx[22m
[2m9:54:50 AM[22m [36m[1m[vite][22m[39m [32mpage reload [39m[2msrc/components/ProjectCard.jsx[22m
[2m9:55:12 AM[22m [36m[1m[vite][22m[39m [32mpage reload [39m[2msrc/components/ProjectCard.jsx[22m
[2m9:55:15 AM[22m [36m[1m[vite][22m[39m [32mpage reload [39m[2msrc/components/ProjectCard.jsx[22m
[2m9:55:36 AM[22m [36m[1m[vite][22m[39m [32mpage reload [39m[2msrc/components/ProjectCard.jsx[22m
[2m9:55:42 AM[22m [36m[1m[vite][22m[39m [32mpage reload [39m[2msrc/components/ProjectCard.jsx[22m
[2m9:55:46 AM[22m [36m[1m[vite][22m[39m [32mpage reload [39m[2msrc/components/ProjectCard.jsx[22m
[2m9:55:53 AM[22m [36m[1m[vite][22m[39m [32mpage reload [39m[2msrc/components/ProjectCard.jsx[22m
[2m9:55:56 AM[22m [36m[1m[vite][22m[39m [32mpage reload [39m[2msrc/components/ProjectCard.jsx[22m
[2m9:56:14 AM[22m [36m[1m[vite][22m[39m [32mpage reload [39m[2msrc/components/ProjectCard.jsx[22m
[2m9:56:31 AM[22m [36m[1m[vite][22m[39m [32mpage reload [39m[2msrc/components/ProjectCard.jsx[22m
[2m9:56:32 AM[22m [36m[1m[vite][22m[39m [32mpage reload [39m[2msrc/components/ProjectCard.jsx[22m
[2m9:56:44 AM[22m [36m[1m[vite][22m[39m [32mpage reload [39m[2msrc/components/ProjectCard.jsx[22m
[2m9:56:48 AM[22m [36m[1m[vite][22m[39m [32mpage reload [39m[2msrc/components/ProjectCard.jsx[22m
[2m9:56:58 AM[22m [36m[1m[vite][22m[39m [32mpage reload [39m[2msrc/components/ProjectCard.jsx[22m
[2m9:57:02 AM[22m [36m[1m[vite][22m[39m [32mpage reload [39m[2msrc/components/ProjectCard.jsx[22m
[2m9:58:55 AM[22m [36m[1m[vite][22m[39m [32mpage reload [39m[2msrc/components/ProjectCard.jsx[22m
[2m9:58:55 AM[22m [36m[1m[vite][22m[39m [32mpage reload [39m[2msrc/components/ProjectCard.jsx[22m
[2m9:58:58 AM[22m [36m[1m[vite][22m[39m [32mpage reload [39m[2msrc/components/ProjectCard.jsx[22m
[2m9:59:03 AM[22m [36m[1m[vite][22m[39m [32mpage reload [39m[2msrc/components/ProjectCard.jsx[22m
[2m9:59:07 AM[22m [36m[1m[vite][22m[39m [32mpage reload [39m[2msrc/components/ProjectCard.jsx[22m
[2m9:59:08 AM[22m [36m[1m[vite][22m[39m [32mpage reload [39m[2msrc/components/ProjectCard.jsx[22m
[2m9:59:10 AM[22m [36m[1m[vite][22m[39m [32mpage reload [39m[2msrc/components/ProjectCard.jsx[22m
[2m9:59:12 AM[22m [36m[1m[vite][22m[39m [32mpage reload [39m[2msrc/components/ProjectCard.jsx[22m
[2m9:59:12 AM[22m [36m[1m[vite][22m[39m [32mpage reload [39m[2msrc/components/ProjectCard.jsx[22m
[2m9:59:42 AM[22m [36m[1m[vite][22m[39m [32mpage reload [39m[2msrc/components/Hero.jsx[22m
[2m9:59:44 AM[22m [36m[1m[vite][22m[39m [32mpage reload [39m[2msrc/components/Hero.jsx[22m
[2m9:59:46 AM[22m [36m[1m[vite][22m[39m [32mpage reload [39m[2msrc/components/Hero.jsx[22m
[2m9:59:50 AM[22m [36m[1m[vite][22m[39m [32mpage reload [39m[2msrc/components/Hero.jsx[22m
[2m9:59:53 AM[22m [36m[1m[vite][22m[39m [32mpage reload [39m[2msrc/components/Hero.jsx[22m
[2m9:59:55 AM[22m [36m[1m[vite][22m[39m [32mpage reload [39m[2msrc/components/Hero.jsx[22m
[2m10:00:00 AM[22m [36m[1m[vite][22m[39m [32mpage reload [39m[2msrc/components/Hero.jsx[22m
[2m10:00:05 AM[22m [36m[1m[vite][22m[39m [32mpage reload [39m[2msrc/components/Hero.jsx[22m
[2m10:00:06 AM[22m [36m[1m[vite][22m[39m [32mpage reload [39m[2msrc/components/Hero.jsx[22m
[2m10:00:08 AM[22m [36m[1m[vite][22m[39m [32mpage reload [39m[2msrc/components/Hero.jsx[22m
[2m10:00:10 AM[22m [36m[1m[vite][22m[39m [32mpage reload [39m[2msrc/components/Hero.jsx[22m
[2m10:00:20 AM[22m [36m[1m[vite][22m[39m [32mpage reload [39m[2msrc/components/Hero.jsx[22m
[2m10:00:21 AM[22m [36m[1m[vite][22m[39m [32mpage reload [39m[2msrc/components/Hero.jsx[22m
[2m10:00:32 AM[22m [36m[1m[vite][22m[39m [32mpage reload [39m[2msrc/components/Hero.jsx[22m
[2m10:00:33 AM[22m [36m[1m[vite][22m[39m [32mpage reload [39m[2msrc/components/Hero.jsx[22m
[2m10:00:37 AM[22m [36m[1m[vite][22m[39m [32mpage reload [39m[2msrc/components/Hero.jsx[22m
[2m10:00:44 AM[22m [36m[1m[vite][22m[39m [32mpage reload [39m[2msrc/components/Hero.jsx[22m
[2m10:01:15 AM[22m [36m[1m[vite][22m[39m [32mpage reload [39m[2msrc/components/Hero.jsx[22m
[2m10:01:15 AM[22m [36m[1m[vite][22m[39m [32mpage reload [39m[2msrc/components/Hero.jsx[22m
[2m10:01:20 AM[22m [36m[1m[vite][22m[39m [32mpage reload [39m[2msrc/components/Hero.jsx[22m
[2m10:01:20 AM[22m [36m[1m[vite][22m[39m [32mpage reload [39m[2msrc/components/Hero.jsx[22m
[2m10:01:43 AM[22m [36m[1m[vite][22m[39m [32mpage reload [39m[2msrc/components/Hero.jsx[22m
[2m10:01:45 AM[22m [36m[1m[vite][22m[39m [32mpage reload [39m[2msrc/components/Hero.jsx[22m
[2m10:01:50 AM[22m [36m[1m[vite][22m[39m [32mpage reload [39m[2msrc/components/Hero.jsx[22m
[2m10:01:54 AM[22m [36m[1m[vite][22m[39m [32mpage reload [39m[2msrc/components/Hero.jsx[22m
[2m10:01:58 AM[22m [36m[1m[vite][22m[39m [32mpage reload [39m[2msrc/components/Hero.jsx[22m
[2m10:02:03 AM[22m [36m[1m[vite][22m[39m [32mpage reload [39m[2msrc/components/Hero.jsx[22m
[2m10:02:03 AM[22m [36m[1m[vite][22m[39m [32mpage reload [39m[2msrc/components/Hero.jsx[22m
[2m10:02:05 AM[22m [36m[1m[vite][22m[39m [32mpage reload [39m[2msrc/components/Hero.jsx[22m
[2m10:02:05 AM[22m [36m[1m[vite][22m[39m [32mpage reload [39m[2msrc/components/Hero.jsx[22m
[2m10:02:13 AM[22m [36m[1m[vite][22m[39m [32mpage reload [39m[2msrc/components/Hero.jsx[22m
[2m10:02:14 AM[22m [36m[1m[vite][22m[39m [32mpage reload [39m[2msrc/components/Hero.jsx[22m
[2m10:02:17 AM[22m [36m[1m[vite][22m[39m [32mpage reload [39m[2msrc/components/Hero.jsx[22m
[2m10:02:19 AM[22m [36m[1m[vite][22m[39m [32mpage reload [39m[2msrc/components/Hero.jsx[22m
[2m10:02:21 AM[22m [36m[1m[vite][22m[39m [32mpage reload [39m[2msrc/components/Hero.jsx[22m
[2m10:02:28 AM[22m [36m[1m[vite][22m[39m [32mpage reload [39m[2msrc/components/Hero.jsx[22m
[2m10:02:31 AM[22m [36m[1m[vite][22m[39m [32mpage reload [39m[2msrc/components/Hero.jsx[22m
[2m10:02:36 AM[22m [36m[1m[vite][22m[39m [32mpage reload [39m[2msrc/components/Hero.jsx[22m
[2m10:02:38 AM[22m [36m[1m[vite][22m[39m [32mpage reload [39m[2msrc/components/Hero.jsx[22m
[2m10:02:41 AM[22m [36m[1m[vite][22m[39m [32mpage reload [39m[2msrc/components/Hero.jsx[22m
[2m10:02:56 AM[22m [36m[1m[vite][22m[39m [32mpage reload [39m[2msrc/components/Hero.jsx[22m
[2m10:03:00 AM[22m [36m[1m[vite][22m[39m [32mpage reload [39m[2msrc/components/Hero.jsx[22m
[2m10:03:04 AM[22m [36m[1m[vite][22m[39m [32mpage reload [39m[2msrc/components/Hero.jsx[22m
[2m10:03:10 AM[22m [36m[1m[vite][22m[39m [32mpage reload [39m[2msrc/components/Hero.jsx[22m
[2m10:03:25 AM[22m [36m[1m[vite][22m[39m [32mpage reload [39m[2msrc/components/Hero.jsx[22m
[2m10:04:03 AM[22m [36m[1m[vite][22m[39m [32mpage reload [39m[2msrc/components/Hero.jsx[22m
[2m10:04:06 AM[22m [36m[1m[vite][22m[39m [32mpage reload [39m[2msrc/components/Hero.jsx[22m
[2m10:04:10 AM[22m [36m[1m[vite][22m[39m [32mpage reload [39m[2msrc/components/Hero.jsx[22m
[2m10:04:11 AM[22m [36m[1m[vite][22m[39m [32mpage reload [39m[2msrc/components/Hero.jsx[22m
[2m10:04:13 AM[22m [36m[1m[vite][22m[39m [32mpage reload [39m[2msrc/components/Hero.jsx[22m
[2m10:04:16 AM[22m [36m[1m[vite][22m[39m [32mpage reload [39m[2msrc/components/Hero.jsx[22m
[2m10:04:20 AM[22m [36m[1m[vite][22m[39m [32mpage reload [39m[2msrc/components/Hero.jsx[22m
[2m10:04:23 AM[22m [36m[1m[vite][22m[39m [32mpage reload [39m[2msrc/components/Hero.jsx[22m
[2m10:04:26 AM[22m [36m[1m[vite][22m[39m [32mpage reload [39m[2msrc/components/Hero.jsx[22m
[2m10:04:29 AM[22m [36m[1m[vite][22m[39m [32mpage reload [39m[2msrc/components/Hero.jsx[22m
[2m10:04:31 AM[22m [36m[1m[vite][22m[39m [32mpage reload [39m[2msrc/components/Hero.jsx[22m
[2m10:04:34 AM[22m [36m[1m[vite][22m[39m [32mpage reload [39m[2msrc/components/Hero.jsx[22m
[2m10:04:37 AM[22m [36m[1m[vite][22m[39m [32mpage reload [39m[2msrc/components/Hero.jsx[22m
[2m10:04:39 AM[22m [36m[1m[vite][22m[39m [32mpage reload [39m[2msrc/components/Hero.jsx[22m
[2m10:04:44 AM[22m [36m[1m[vite][22m[39m [32mpage reload [39m[2msrc/components/Hero.jsx[22m
[2m10:06:29 AM[22m [36m[1m[vite][22m[39m [32mpage reload [39m[2msrc/components/Hero.jsx[22m
[2m10:06:31 AM[22m [36m[1m[vite][22m[39m [32mpage reload [39m[2msrc/components/Hero.jsx[22m
[2m10:06:34 AM[22m [36m[1m[vite][22m[39m [32mpage reload [39m[2msrc/components/Hero.jsx[22m
[2m10:06:36 AM[22m [36m[1m[vite][22m[39m [32mpage reload [39m[2msrc/components/Hero.jsx[22m
[2m10:07:26 AM[22m [36m[1m[vite][22m[39m [32mpage reload [39m[2msrc/components/Hero.jsx[22m
[2m10:07:28 AM[22m [36m[1m[vite][22m[39m [32mpage reload [39m[2msrc/components/Hero.jsx[22m
[2m10:07:31 AM[22m [36m[1m[vite][22m[39m [32mpage reload [39m[2msrc/components/Hero.jsx[22m
[2m10:07:49 AM[22m [36m[1m[vite][22m[39m [32mpage reload [39m[2msrc/components/Hero.jsx[22m
[2m10:07:53 AM[22m [36m[1m[vite][22m[39m [32mpage reload [39m[2msrc/components/Hero.jsx[22m
[2m10:07:56 AM[22m [36m[1m[vite][22m[39m [32mpage reload [39m[2msrc/components/Hero.jsx[22m
[2m10:08:01 AM[22m [36m[1m[vite][22m[39m [32mpage reload [39m[2msrc/components/Hero.jsx[22m
[2m10:08:03 AM[22m [36m[1m[vite][22m[39m [32mpage reload [39m[2msrc/components/Hero.jsx[22m
[2m10:08:04 AM[22m [36m[1m[vite][22m[39m [32mpage reload [39m[2msrc/components/Hero.jsx[22m
[2m10:08:05 AM[22m [36m[1m[vite][22m[39m [32mpage reload [39m[2msrc/components/Hero.jsx[22m
[2m10:08:16 AM[22m [36m[1m[vite][22m[39m [32mpage reload [39m[2msrc/components/Hero.jsx[22m
[2m10:08:17 AM[22m [36m[1m[vite][22m[39m [32mpage reload [39m[2msrc/components/Hero.jsx[22m
[2m10:08:18 AM[22m [36m[1m[vite][22m[39m [32mpage reload [39m[2msrc/components/Hero.jsx[22m
[2m10:08:39 AM[22m [36m[1m[vite][22m[39m [32mpage reload [39m[2msrc/components/Hero.jsx[22m
[2m10:08:48 AM[22m [36m[1m[vite][22m[39m [32mpage reload [39m[2msrc/components/Hero.jsx[22m
[2m10:08:51 AM[22m [36m[1m[vite][22m[39m [32mpage reload [39m[2msrc/components/Hero.jsx[22m
[2m10:09:00 AM[22m [36m[1m[vite][22m[39m [32mpage reload [39m[2msrc/components/Hero.jsx[22m
[2m10:09:03 AM[22m [36m[1m[vite][22m[39m [32mpage reload [39m[2msrc/components/Hero.jsx[22m
[2m10:09:46 AM[22m [36m[1m[vite][22m[39m [32mpage reload [39m[2msrc/components/Hero.jsx[22m
[2m10:11:50 AM[22m [36m[1m[vite][22m[39m [32mpage reload [39m[2msrc/components/Hero.jsx[22m
[2m10:11:50 AM[22m [36m[1m[vite][22m[39m [32mpage reload [39m[2msrc/components/Hero.jsx[22m
[2m10:11:59 AM[22m [36m[1m[vite][22m[39m [32mpage reload [39m[2msrc/components/Hero.jsx[22m
[2m10:12:11 AM[22m [36m[1m[vite][22m[39m [32mpage reload [39m[2msrc/components/Hero.jsx[22m
[2m10:12:12 AM[22m [36m[1m[vite][22m[39m [32mpage reload [39m[2msrc/components/Hero.jsx[22m
[2m10:12:17 AM[22m [36m[1m[vite][22m[39m [32mpage reload [39m[2msrc/components/Hero.jsx[22m
[2m10:12:33 AM[22m [36m[1m[vite][22m[39m [32mpage reload [39m[2msrc/components/Hero.jsx[22m
[2m10:12:35 AM[22m [36m[1m[vite][22m[39m [32mpage reload [39m[2msrc/components/Hero.jsx[22m
[2m10:12:37 AM[22m [36m[1m[vite][22m[39m [32mpage reload [39m[2msrc/components/Hero.jsx[22m
[2m10:13:33 AM[22m [36m[1m[vite][22m[39m [32mpage reload [39m[2msrc/components/Hero.jsx[22m
[2m10:13:36 AM[22m [36m[1m[vite][22m[39m [32mpage reload [39m[2msrc/components/Hero.jsx[22m
[2m10:13:40 AM[22m [36m[1m[vite][22m[39m [32mpage reload [39m[2msrc/components/Hero.jsx[22m
[2m10:13:43 AM[22m [36m[1m[vite][22m[39m [32mpage reload [39m[2msrc/components/Hero.jsx[22m
[2m10:13:47 AM[22m [36m[1m[vite][22m[39m [32mpage reload [39m[2msrc/components/Hero.jsx[22m
[2m10:13:51 AM[22m [36m[1m[vite][22m[39m [32mpage reload [39m[2msrc/components/Hero.jsx[22m
[2m10:13:54 AM[22m [36m[1m[vite][22m[39m [32mpage reload [39m[2msrc/components/Hero.jsx[22m
[2m10:13:55 AM[22m [36m[1m[vite][22m[39m [32mpage reload [39m[2msrc/components/Hero.jsx[22m
[2m10:13:57 AM[22m [36m[1m[vite][22m[39m [32mpage reload [39m[2msrc/components/Hero.jsx[22m
[2m10:14:00 AM[22m [36m[1m[vite][22m[39m [32mpage reload [39m[2msrc/components/Hero.jsx[22m
[2m10:14:01 AM[22m [36m[1m[vite][22m[39m [32mpage reload [39m[2msrc/components/Hero.jsx[22m
[2m10:14:06 AM[22m [36m[1m[vite][22m[39m [32mpage reload [39m[2msrc/components/Hero.jsx[22m
[2m10:14:26 AM[22m [36m[1m[vite][22m[39m [32mpage reload [39m[2msrc/components/Hero.jsx[22m
[2m10:14:41 AM[22m [36m[1m[vite][22m[39m [32mpage reload [39m[2msrc/components/Hero.jsx[22m
[2m10:14:43 AM[22m [36m[1m[vite][22m[39m [32mpage reload [39m[2msrc/components/Hero.jsx[22m
[2m10:14:44 AM[22m [36m[1m[vite][22m[39m [32mpage reload [39m[2msrc/components/Hero.jsx[22m
[2m10:14:47 AM[22m [36m[1m[vite][22m[39m [32mpage reload [39m[2msrc/components/Hero.jsx[22m
[2m10:14:50 AM[22m [36m[1m[vite][22m[39m [32mpage reload [39m[2msrc/components/Hero.jsx[22m
[2m10:14:51 AM[22m [36m[1m[vite][22m[39m [32mpage reload [39m[2msrc/components/Hero.jsx[22m
[2m10:14:54 AM[22m [36m[1m[vite][22m[39m [32mpage reload [39m[2msrc/components/Hero.jsx[22m
[2m10:15:06 AM[22m [36m[1m[vite][22m[39m [32mpage reload [39m[2msrc/components/Hero.jsx[22m
[2m10:15:11 AM[22m [36m[1m[vite][22m[39m [32mpage reload [39m[2msrc/components/Hero.jsx[22m
[2m10:15:16 AM[22m [36m[1m[vite][22m[39m [32mpage reload [39m[2msrc/components/Hero.jsx[22m
[2m10:15:22 AM[22m [36m[1m[vite][22m[39m [32mpage reload [39m[2msrc/components/Hero.jsx[22m
[2m10:15:39 AM[22m [36m[1m[vite][22m[39m [32mpage reload [39m[2msrc/components/Hero.jsx[22m
[2m10:15:41 AM[22m [36m[1m[vite][22m[39m [32mpage reload [39m[2msrc/components/Hero.jsx[22m
[2m10:15:42 AM[22m [36m[1m[vite][22m[39m [32mpage reload [39m[2msrc/components/Hero.jsx[22m
[2m10:15:46 AM[22m [36m[1m[vite][22m[39m [32mpage reload [39m[2msrc/components/Hero.jsx[22m
[2m10:15:56 AM[22m [36m[1m[vite][22m[39m [32mpage reload [39m[2msrc/components/Hero.jsx[22m
[2m10:16:17 AM[22m [36m[1m[vite][22m[39m [32mpage reload [39m[2msrc/components/Hero.jsx[22m
[2m10:16:26 AM[22m [36m[1m[vite][22m[39m [32mpage reload [39m[2msrc/components/Hero.jsx[22m
[2m10:16:29 AM[22m [36m[1m[vite][22m[39m [32mpage reload [39m[2msrc/components/Hero.jsx[22m
[2m10:16:31 AM[22m [36m[1m[vite][22m[39m [32mpage reload [39m[2msrc/components/Hero.jsx[22m
[2m10:17:21 AM[22m [36m[1m[vite][22m[39m [32mpage reload [39m[2msrc/components/Hero.jsx[22m
[2m10:17:22 AM[22m [36m[1m[vite][22m[39m [32mpage reload [39m[2msrc/components/Hero.jsx[22m
[2m10:17:26 AM[22m [36m[1m[vite][22m[39m [32mpage reload [39m[2msrc/components/Hero.jsx[22m
[2m10:17:29 AM[22m [36m[1m[vite][22m[39m [32mpage reload [39m[2msrc/components/Hero.jsx[22m
[2m10:17:39 AM[22m [36m[1m[vite][22m[39m [32mpage reload [39m[2msrc/components/Hero.jsx[22m
[2m10:19:02 AM[22m [36m[1m[vite][22m[39m [32mpage reload [39m[2msrc/components/Hero.jsx[22m
[2m10:19:04 AM[22m [36m[1m[vite][22m[39m [32mpage reload [39m[2msrc/components/Hero.jsx[22m
[2m10:19:07 AM[22m [36m[1m[vite][22m[39m [32mpage reload [39m[2msrc/components/Hero.jsx[22m
[2m10:19:10 AM[22m [36m[1m[vite][22m[39m [32mpage reload [39m[2msrc/components/Hero.jsx[22m
[2m10:19:13 AM[22m [36m[1m[vite][22m[39m [32mpage reload [39m[2msrc/components/Hero.jsx[22m
[2m10:50:27 AM[22m [36m[1m[vite][22m[39m [32mpage reload [39m[2msrc/components/ProjectCard.jsx[22m
[2m10:50:32 AM[22m [36m[1m[vite][22m[39m [32mpage reload [39m[2msrc/components/ProjectCard.jsx[22m
[2m10:50:36 AM[22m [36m[1m[vite][22m[39m [32mpage reload [39m[2msrc/components/ProjectCard.jsx[22m
[2m10:50:39 AM[22m [36m[1m[vite][22m[39m [32mpage reload [39m[2msrc/components/ProjectCard.jsx[22m
[2m10:50:44 AM[22m [36m[1m[vite][22m[39m [32mpage reload [39m[2msrc/components/ProjectCard.jsx[22m
[2m10:50:46 AM[22m [36m[1m[vite][22m[39m [32mpage reload [39m[2msrc/components/ProjectCard.jsx[22m
[2m10:50:49 AM[22m [36m[1m[vite][22m[39m [32mpage reload [39m[2msrc/components/ProjectCard.jsx[22m
[2m10:51:01 AM[22m [36m[1m[vite][22m[39m [32mpage reload [39m[2msrc/components/ProjectCard.jsx[22m
[2m10:51:03 AM[22m [36m[1m[vite][22m[39m [32mpage reload [39m[2msrc/components/ProjectCard.jsx[22m
[2m10:51:04 AM[22m [36m[1m[vite][22m[39m [32mpage reload [39m[2msrc/components/ProjectCard.jsx[22m
[2m10:51:07 AM[22m [36m[1m[vite][22m[39m [32mpage reload [39m[2msrc/components/ProjectCard.jsx[22m
[2m10:51:12 AM[22m [36m[1m[vite][22m[39m [32mpage reload [39m[2msrc/components/ProjectCard.jsx[22m
[2m10:51:18 AM[22m [36m[1m[vite][22m[39m [32mpage reload [39m[2msrc/components/ProjectCard.jsx[22m
[2m10:51:23 AM[22m [36m[1m[vite][22m[39m [32mpage reload [39m[2msrc/components/ProjectCard.jsx[22m
[2m10:51:25 AM[22m [36m[1m[vite][22m[39m [32mpage reload [39m[2msrc/components/ProjectCard.jsx[22m
[2m10:51:34 AM[22m [36m[1m[vite][22m[39m [32mpage reload [39m[2msrc/components/ProjectCard.jsx[22m
[2m10:51:35 AM[22m [36m[1m[vite][22m[39m [32mpage reload [39m[2msrc/components/ProjectCard.jsx[22m
[2m10:51:38 AM[22m [36m[1m[vite][22m[39m [32mpage reload [39m[2msrc/components/ProjectCard.jsx[22m
[2m10:51:41 AM[22m [36m[1m[vite][22m[39m [32mpage reload [39m[2msrc/components/ProjectCard.jsx[22m
[2m10:51:43 AM[22m [36m[1m[vite][22m[39m [32mpage reload [39m[2msrc/components/ProjectCard.jsx[22m
[2m10:51:45 AM[22m [36m[1m[vite][22m[39m [32mpage reload [39m[2msrc/components/ProjectCard.jsx[22m
[2m10:51:47 AM[22m [36m[1m[vite][22m[39m [32mpage reload [39m[2msrc/components/ProjectCard.jsx[22m
[2m10:51:50 AM[22m [36m[1m[vite][22m[39m [32mpage reload [39m[2msrc/components/ProjectCard.jsx[22m
[2m10:51:59 AM[22m [36m[1m[vite][22m[39m [32mpage reload [39m[2msrc/components/ProjectCard.jsx[22m
[2m10:53:04 AM[22m [36m[1m[vite][22m[39m [32mpage reload [39m[2msrc/components/ProjectCard.jsx[22m
[2m10:53:07 AM[22m [36m[1m[vite][22m[39m [32mpage reload [39m[2msrc/components/ProjectCard.jsx[22m
[2m10:53:10 AM[22m [36m[1m[vite][22m[39m [32mpage reload [39m[2msrc/components/ProjectCard.jsx[22m
[2m10:53:12 AM[22m [36m[1m[vite][22m[39m [32mpage reload [39m[2msrc/components/ProjectCard.jsx[22m
[2m10:53:35 AM[22m [36m[1m[vite][22m[39m [32mpage reload [39m[2msrc/components/ProjectCard.jsx[22m
[2m10:53:36 AM[22m [36m[1m[vite][22m[39m [32mpage reload [39m[2msrc/components/ProjectCard.jsx[22m
[2m10:53:58 AM[22m [36m[1m[vite][22m[39m [32mpage reload [39m[2msrc/components/ProjectCard.jsx[22m
[2m10:54:02 AM[22m [36m[1m[vite][22m[39m [32mpage reload [39m[2msrc/components/ProjectCard.jsx[22m
[2m10:54:23 AM[22m [36m[1m[vite][22m[39m [32mpage reload [39m[2msrc/components/ProjectCard.jsx[22m
[2m10:54:28 AM[22m [36m[1m[vite][22m[39m [32mpage reload [39m[2msrc/components/ProjectCard.jsx[22m
[2m10:54:30 AM[22m [36m[1m[vite][22m[39m [32mpage reload [39m[2msrc/components/ProjectCard.jsx[22m
[2m10:54:32 AM[22m [36m[1m[vite][22m[39m [32mpage reload [39m[2msrc/components/ProjectCard.jsx[22m
[2m10:54:37 AM[22m [36m[1m[vite][22m[39m [32mpage reload [39m[2msrc/components/ProjectCard.jsx[22m
[2m10:54:37 AM[22m [36m[1m[vite][22m[39m [32mpage reload [39m[2msrc/components/ProjectCard.jsx[22m
[2m12:41:37 PM[22m [36m[1m[vite][22m[39m [32mpage reload [39m[2msrc/components/Hero.jsx[22m
[2m12:41:37 PM[22m [36m[1m[vite][22m[39m [32mpage reload [39m[2msrc/components/Hero.jsx[22m
[2m12:41:40 PM[22m [36m[1m[vite][22m[39m [32mpage reload [39m[2msrc/components/Hero.jsx[22m
[2m12:41:47 PM[22m [36m[1m[vite][22m[39m [32mpage reload [39m[2msrc/components/Hero.jsx[22m
[2m12:41:51 PM[22m [36m[1m[vite][22m[39m [32mpage reload [39m[2msrc/components/Hero.jsx[22m
[2m12:42:11 PM[22m [36m[1m[vite][22m[39m [32mpage reload [39m[2msrc/components/Hero.jsx[22m
[2m12:42:13 PM[22m [36m[1m[vite][22m[39m [32mpage reload [39m[2msrc/components/Hero.jsx[22m
[2m12:42:16 PM[22m [36m[1m[vite][22m[39m [32mpage reload [39m[2msrc/components/Hero.jsx[22m
[2m12:42:17 PM[22m [36m[1m[vite][22m[39m [32mpage reload [39m[2msrc/components/Hero.jsx[22m
[2m12:43:07 PM[22m [36m[1m[vite][22m[39m [32mpage reload [39m[2msrc/components/Hero.jsx[22m
[2m12:43:09 PM[22m [36m[1m[vite][22m[39m [32mpage reload [39m[2msrc/components/Hero.jsx[22m
[2m12:43:10 PM[22m [36m[1m[vite][22m[39m [32mpage reload [39m[2msrc/components/Hero.jsx[22m
[2m12:43:35 PM[22m [36m[1m[vite][22m[39m [32mpage reload [39m[2msrc/components/Hero.jsx[22m
[2m12:45:40 PM[22m [36m[1m[vite][22m[39m [32mpage reload [39m[2msrc/data/projects.js[22m
[2m12:45:42 PM[22m [36m[1m[vite][22m[39m [32mpage reload [39m[2msrc/data/projects.js[22m
[2m12:45:43 PM[22m [36m[1m[vite][22m[39m [32mpage reload [39m[2msrc/data/projects.js[22m
[2m12:45:47 PM[22m [36m[1m[vite][22m[39m [32mpage reload [39m[2msrc/data/projects.js[22m
[2m12:45:52 PM[22m [36m[1m[vite][22m[39m [32mpage reload [39m[2msrc/data/projects.js[22m
[2m12:46:08 PM[22m [36m[1m[vite][22m[39m [32mpage reload [39m[2msrc/data/projects.js[22m
[2m12:46:10 PM[22m [36m[1m[vite][22m[39m [32mpage reload [39m[2msrc/data/projects.js[22m
[2m12:46:12 PM[22m [36m[1m[vite][22m[39m [32mpage reload [39m[2msrc/data/projects.js[22m
[2m12:46:44 PM[22m [36m[1m[vite][22m[39m [32mpage reload [39m[2msrc/data/projects.js[22m
[2m12:46:48 PM[22m [36m[1m[vite][22m[39m [32mpage reload [39m[2msrc/data/projects.js[22m
[2m12:46:51 PM[22m [36m[1m[vite][22m[39m [32mpage reload [39m[2msrc/data/projects.js[22m
[2m1:18:18 PM[22m [36m[1m[vite][22m[39m [32mpage reload [39m[2mtailwind.config.js[22m
[2m1:18:18 PM[22m [36m[1m[vite][22m[39m [32mpage reload [39m[2msrc/data/projects.js[22m
[2m1:26:28 PM[22m [36m[1m[vite][22m[39m [32mpage reload [39m[2msrc/components/ProjectCard.jsx[22m
[2m1:26:29 PM[22m [36m[1m[vite][22m[39m [32mpage reload [39m[2msrc/components/ProjectCard.jsx[22m
[2m1:35:27 PM[22m [36m[1m[vite][22m[39m [32mpage reload [39m[2msrc/components/Hero.jsx[22m
[2m1:35:28 PM[22m [36m[1m[vite][22m[39m [32mpage reload [39m[2msrc/components/Hero.jsx[22m
[2m10:15:10 PM[22m [36m[1m[vite][22m[39m [32mpage reload [39m[2msrc/components/Hero.jsx[22m
[2m10:15:10 PM[22m [36m[1m[vite][22m[39m [32mpage reload [39m[2msrc/components/Hero.jsx[22m
[2m10:15:12 PM[22m [36m[1m[vite][22m[39m [32mpage reload [39m[2msrc/components/Hero.jsx[22m
[2m10:15:31 PM[22m [36m[1m[vite][22m[39m [32mpage reload [39m[2msrc/components/Hero.jsx[22m
[2m10:15:33 PM[22m [36m[1m[vite][22m[39m [32mpage reload [39m[2msrc/components/Hero.jsx[22m
[2m10:18:02 PM[22m [36m[1m[vite][22m[39m [32mpage reload [39m[2msrc/components/Navbar.jsx[22m
[2m10:18:09 PM[22m [36m[1m[vite][22m[39m [32mpage reload [39m[2msrc/components/Navbar.jsx[22m
[2m10:21:52 PM[22m [36m[1m[vite][22m[39m [32mpage reload [39m[2msrc/components/Hero.jsx[22m
[2m10:21:52 PM[22m [36m[1m[vite][22m[39m [32mpage reload [39m[2msrc/components/Hero.jsx[22m
[2m10:21:52 PM[22m [36m[1m[vite][22m[39m [32mpage reload [39m[2msrc/components/Hero.jsx[22m
[2m10:21:56 PM[22m [36m[1m[vite][22m[39m [32mpage reload [39m[2msrc/components/Hero.jsx[22m
[2m10:21:58 PM[22m [36m[1m[vite][22m[39m [32mpage reload [39m[2msrc/components/Hero.jsx[22m
[2m10:22:06 PM[22m [36m[1m[vite][22m[39m [32mpage reload [39m[2msrc/components/Hero.jsx[22m
[2m10:22:08 PM[22m [36m[1m[vite][22m[39m [32mpage reload [39m[2msrc/components/Hero.jsx[22m
[2m10:22:09 PM[22m [36m[1m[vite][22m[39m [32mpage reload [39m[2msrc/components/Hero.jsx[22m
[2m10:22:14 PM[22m [36m[1m[vite][22m[39m [32mpage reload [39m[2msrc/components/Hero.jsx[22m
[2m10:22:24 PM[22m [36m[1m[vite][22m[39m [32mpage reload [39m[2msrc/components/Hero.jsx[22m
[2m10:22:24 PM[22m [36m[1m[vite][22m[39m [32mpage reload [39m[2msrc/components/Hero.jsx[22m
[2m10:22:29 PM[22m [36m[1m[vite][22m[39m [32mpage reload [39m[2msrc/components/Hero.jsx[22m
[2m10:22:31 PM[22m [36m[1m[vite][22m[39m [32mpage reload [39m[2msrc/components/Hero.jsx[22m
[2m10:22:37 PM[22m [36m[1m[vite][22m[39m [32mpage reload [39m[2msrc/components/Hero.jsx[22m
[2m10:22:41 PM[22m [36m[1m[vite][22m[39m [32mpage reload [39m[2msrc/components/Hero.jsx[22m
[2m10:22:59 PM[22m [36m[1m[vite][22m[39m [32mpage reload [39m[2msrc/components/Hero.jsx[22m
[2m10:23:04 PM[22m [36m[1m[vite][22m[39m [32mpage reload [39m[2msrc/components/Hero.jsx[22m
[2m10:23:06 PM[22m [36m[1m[vite][22m[39m [32mpage reload [39m[2msrc/components/Hero.jsx[22m
[2m10:23:07 PM[22m [36m[1m[vite][22m[39m [32mpage reload [39m[2msrc/components/Hero.jsx[22m
[2m10:23:14 PM[22m [36m[1m[vite][22m[39m [32mpage reload [39m[2msrc/components/Hero.jsx[22m
[2m10:23:15 PM[22m [36m[1m[vite][22m[39m [32mpage reload [39m[2msrc/components/Hero.jsx[22m
[2m10:23:54 PM[22m [36m[1m[vite][22m[39m [32mpage reload [39m[2msrc/components/Hero.jsx[22m
[2m10:24:32 PM[22m [36m[1m[vite][22m[39m [32mpage reload [39m[2msrc/components/Hero.jsx[22m
[2m10:24:34 PM[22m [36m[1m[vite][22m[39m [32mpage reload [39m[2msrc/components/Hero.jsx[22m
[2m10:24:37 PM[22m [36m[1m[vite][22m[39m [32mpage reload [39m[2msrc/components/Hero.jsx[22m
[2m10:24:39 PM[22m [36m[1m[vite][22m[39m [32mpage reload [39m[2msrc/components/Hero.jsx[22m
[2m10:24:40 PM[22m [36m[1m[vite][22m[39m [32mpage reload [39m[2msrc/components/Hero.jsx[22m
[2m10:24:43 PM[22m [36m[1m[vite][22m[39m [32mpage reload [39m[2msrc/components/Hero.jsx[22m
[2m10:24:51 PM[22m [36m[1m[vite][22m[39m [32mpage reload [39m[2msrc/components/Hero.jsx[22m
[2m10:24:52 PM[22m [36m[1m[vite][22m[39m [32mpage reload [39m[2msrc/components/Hero.jsx[22m
[2m10:24:56 PM[22m [36m[1m[vite][22m[39m [32mpage reload [39m[2msrc/components/Hero.jsx[22m
[2m10:24:57 PM[22m [36m[1m[vite][22m[39m [32mpage reload [39m[2msrc/components/Hero.jsx[22m
[2m10:25:05 PM[22m [36m[1m[vite][22m[39m [32mpage reload [39m[2msrc/components/Hero.jsx[22m
[2m10:25:20 PM[22m [36m[1m[vite][22m[39m [32mpage reload [39m[2msrc/components/Hero.jsx[22m
[2m10:25:22 PM[22m [36m[1m[vite][22m[39m [32mpage reload [39m[2msrc/components/Hero.jsx[22m
[2m10:26:54 PM[22m [36m[1m[vite][22m[39m [32mpage reload [39m[2msrc/components/Hero.jsx[22m
[2m10:26:55 PM[22m [36m[1m[vite][22m[39m [32mpage reload [39m[2msrc/components/Hero.jsx[22m
[2m10:26:59 PM[22m [36m[1m[vite][22m[39m [32mpage reload [39m[2msrc/components/Hero.jsx[22m
[2m10:27:07 PM[22m [36m[1m[vite][22m[39m [32mpage reload [39m[2msrc/components/Hero.jsx[22m
[2m10:27:07 PM[22m [36m[1m[vite][22m[39m [32mpage reload [39m[2msrc/components/Hero.jsx[22m
[2m10:27:10 PM[22m [36m[1m[vite][22m[39m [32mpage reload [39m[2msrc/components/Hero.jsx[22m
[2m10:27:16 PM[22m [36m[1m[vite][22m[39m [32mpage reload [39m[2msrc/components/Hero.jsx[22m
[2m10:32:49 PM[22m [36m[1m[vite][22m[39m [32mpage reload [39m[2msrc/components/Hero.jsx[22m
[2m10:32:49 PM[22m [36m[1m[vite][22m[39m [32mpage reload [39m[2msrc/components/Hero.jsx[22m
[2m10:32:54 PM[22m [36m[1m[vite][22m[39m [32mpage reload [39m[2msrc/components/Hero.jsx[22m
[2m11:57:54 PM[22m [36m[1m[vite][22m[39m [32mpage reload [39m[2msrc/components/Hero.jsx[22m
[2m11:57:56 PM[22m [36m[1m[vite][22m[39m [32mpage reload [39m[2msrc/components/Hero.jsx[22m
[2m11:58:10 PM[22m [36m[1m[vite][22m[39m [32mpage reload [39m[2msrc/components/Hero.jsx[22m
[2m11:58:12 PM[22m [36m[1m[vite][22m[39m [32mpage reload [39m[2msrc/components/Hero.jsx[22m
[2m11:59:44 PM[22m [36m[1m[vite][22m[39m [32mpage reload [39m[2msrc/components/Hero.jsx[22m
[2m11:59:44 PM[22m [36m[1m[vite][22m[39m [32mpage reload [39m[2msrc/components/Hero.jsx[22m
[2m11:59:46 PM[22m [36m[1m[vite][22m[39m [32mpage reload [39m[2msrc/components/Hero.jsx[22m
